?   	demo/connection	[no test files]
?   	demo/fetcher	[no test files]
?   	demo/models	[no test files]
=== RUN   TestConnectionsRoute
[GIN-debug] [WARNING] Creating an Engine instance with the Logger and Recovery middleware already attached.

[GIN-debug] [WARNING] Running in "debug" mode. Switch to "release" mode in production.
 - using env:	export GIN_MODE=release
 - using code:	gin.SetMode(gin.ReleaseMode)

[GIN-debug] GET    /connections              --> demo.TestConnectionsRoute.func1 (3 handlers)
[GIN] 2024/07/16 - 20:11:08 | 200 |            0s |                 | GET      "/connections"
--- PASS: TestConnectionsRoute (0.00s)
PASS
ok  	demo	0.714s
